com/zeta/Vanilla/Market/repository/OrderItemRepository.class
com/zeta/Vanilla/Market/service/impl/UserServiceImpl.class
com/zeta/Vanilla/Market/service/impl/AddressServiceImpl.class
com/zeta/Vanilla/Market/service/impl/OrderItemServiceImpl.class
com/zeta/Vanilla/Market/controller/UserController.class
com/zeta/Vanilla/Market/service/interf/ProductService.class
com/zeta/Vanilla/Market/entity/User$UserBuilder.class
com/zeta/Vanilla/Market/exception/GlobalExceptionHandler.class
com/zeta/Vanilla/Market/entity/Payment.class
com/zeta/Vanilla/Market/service/AwsS3Service.class
com/zeta/Vanilla/Market/entity/User.class
com/zeta/Vanilla/Market/dto/CategoryDto.class
com/zeta/Vanilla/Market/controller/ProductController.class
com/zeta/Vanilla/Market/service/impl/CategoryServiceImpl.class
com/zeta/Vanilla/Market/security/CustomUserDetailsService.class
com/zeta/Vanilla/Market/controller/OrderItemController.class
com/zeta/Vanilla/Market/security/CorsConfig$1.class
com/zeta/Vanilla/Market/enums/OrderStatus.class
com/zeta/Vanilla/Market/dto/OrderDto.class
com/zeta/Vanilla/Market/dto/OrderRequest.class
com/zeta/Vanilla/Market/enums/UserRole.class
com/zeta/Vanilla/Market/service/impl/ProductServiceImpl.class
com/zeta/Vanilla/Market/dto/OrderItemRequest.class
com/zeta/Vanilla/Market/repository/ProductRepository.class
com/zeta/Vanilla/Market/dto/Response.class
com/zeta/Vanilla/Market/controller/AuthController.class
com/zeta/Vanilla/Market/entity/Order.class
com/zeta/Vanilla/Market/dto/AddressDto.class
com/zeta/Vanilla/Market/controller/CategoryController.class
com/zeta/Vanilla/Market/security/AuthUser$AuthUserBuilder.class
com/zeta/Vanilla/Market/exception/NotFoundException.class
com/zeta/Vanilla/Market/entity/Review.class
com/zeta/Vanilla/Market/dto/ProductDto.class
com/zeta/Vanilla/Market/security/SecurityConfig.class
com/zeta/Vanilla/Market/dto/UserDto.class
com/zeta/Vanilla/Market/service/interf/AddressService.class
com/zeta/Vanilla/Market/dto/OrderItemDto.class
com/zeta/Vanilla/Market/security/CorsConfig.class
com/zeta/Vanilla/Market/dto/LoginRequest.class
com/zeta/Vanilla/Market/dto/Response$ResponseBuilder.class
com/zeta/Vanilla/Market/repository/AddressRepository.class
com/zeta/Vanilla/Market/VanillaMarketApplication.class
com/zeta/Vanilla/Market/service/interf/CategoryService.class
com/zeta/Vanilla/Market/service/interf/UserService.class
com/zeta/Vanilla/Market/exception/InvalidCredentialsException.class
com/zeta/Vanilla/Market/repository/OrderRepository.class
com/zeta/Vanilla/Market/security/AuthUser.class
com/zeta/Vanilla/Market/entity/Address.class
com/zeta/Vanilla/Market/entity/OrderItem.class
com/zeta/Vanilla/Market/service/interf/OrderItemService.class
com/zeta/Vanilla/Market/security/JwtUtils.class
com/zeta/Vanilla/Market/specification/OrderItemSpecification.class
com/zeta/Vanilla/Market/repository/CategoryRepository.class
com/zeta/Vanilla/Market/controller/AddressController.class
com/zeta/Vanilla/Market/entity/Category.class
com/zeta/Vanilla/Market/entity/Product.class
com/zeta/Vanilla/Market/mapper/EntityDtoMapper.class
com/zeta/Vanilla/Market/repository/UserRepository.class
com/zeta/Vanilla/Market/security/JwtAuthFilter.class
