/Users/sylvanaralaiarisoa/Downloads/Vanilla-Market/src/main/java/com/zeta/Vanilla/Market/VanillaMarketApplication.java
/Users/sylvanaralaiarisoa/Downloads/Vanilla-Market/src/main/java/com/zeta/Vanilla/Market/controller/AddressController.java
/Users/sylvanaralaiarisoa/Downloads/Vanilla-Market/src/main/java/com/zeta/Vanilla/Market/controller/AuthController.java
/Users/sylvanaralaiarisoa/Downloads/Vanilla-Market/src/main/java/com/zeta/Vanilla/Market/controller/CategoryController.java
/Users/sylvanaralaiarisoa/Downloads/Vanilla-Market/src/main/java/com/zeta/Vanilla/Market/controller/OrderItemController.java
/Users/sylvanaralaiarisoa/Downloads/Vanilla-Market/src/main/java/com/zeta/Vanilla/Market/controller/ProductController.java
/Users/sylvanaralaiarisoa/Downloads/Vanilla-Market/src/main/java/com/zeta/Vanilla/Market/controller/UserController.java
/Users/sylvanaralaiarisoa/Downloads/Vanilla-Market/src/main/java/com/zeta/Vanilla/Market/dto/AddressDto.java
/Users/sylvanaralaiarisoa/Downloads/Vanilla-Market/src/main/java/com/zeta/Vanilla/Market/dto/CategoryDto.java
/Users/sylvanaralaiarisoa/Downloads/Vanilla-Market/src/main/java/com/zeta/Vanilla/Market/dto/LoginRequest.java
/Users/sylvanaralaiarisoa/Downloads/Vanilla-Market/src/main/java/com/zeta/Vanilla/Market/dto/OrderDto.java
/Users/sylvanaralaiarisoa/Downloads/Vanilla-Market/src/main/java/com/zeta/Vanilla/Market/dto/OrderItemDto.java
/Users/sylvanaralaiarisoa/Downloads/Vanilla-Market/src/main/java/com/zeta/Vanilla/Market/dto/OrderItemRequest.java
/Users/sylvanaralaiarisoa/Downloads/Vanilla-Market/src/main/java/com/zeta/Vanilla/Market/dto/OrderRequest.java
/Users/sylvanaralaiarisoa/Downloads/Vanilla-Market/src/main/java/com/zeta/Vanilla/Market/dto/ProductDto.java
/Users/sylvanaralaiarisoa/Downloads/Vanilla-Market/src/main/java/com/zeta/Vanilla/Market/dto/Response.java
/Users/sylvanaralaiarisoa/Downloads/Vanilla-Market/src/main/java/com/zeta/Vanilla/Market/dto/UserDto.java
/Users/sylvanaralaiarisoa/Downloads/Vanilla-Market/src/main/java/com/zeta/Vanilla/Market/entity/Address.java
/Users/sylvanaralaiarisoa/Downloads/Vanilla-Market/src/main/java/com/zeta/Vanilla/Market/entity/Category.java
/Users/sylvanaralaiarisoa/Downloads/Vanilla-Market/src/main/java/com/zeta/Vanilla/Market/entity/Order.java
/Users/sylvanaralaiarisoa/Downloads/Vanilla-Market/src/main/java/com/zeta/Vanilla/Market/entity/OrderItem.java
/Users/sylvanaralaiarisoa/Downloads/Vanilla-Market/src/main/java/com/zeta/Vanilla/Market/entity/Payment.java
/Users/sylvanaralaiarisoa/Downloads/Vanilla-Market/src/main/java/com/zeta/Vanilla/Market/entity/Product.java
/Users/sylvanaralaiarisoa/Downloads/Vanilla-Market/src/main/java/com/zeta/Vanilla/Market/entity/Review.java
/Users/sylvanaralaiarisoa/Downloads/Vanilla-Market/src/main/java/com/zeta/Vanilla/Market/entity/User.java
/Users/sylvanaralaiarisoa/Downloads/Vanilla-Market/src/main/java/com/zeta/Vanilla/Market/enums/OrderStatus.java
/Users/sylvanaralaiarisoa/Downloads/Vanilla-Market/src/main/java/com/zeta/Vanilla/Market/enums/UserRole.java
/Users/sylvanaralaiarisoa/Downloads/Vanilla-Market/src/main/java/com/zeta/Vanilla/Market/exception/GlobalExceptionHandler.java
/Users/sylvanaralaiarisoa/Downloads/Vanilla-Market/src/main/java/com/zeta/Vanilla/Market/exception/InvalidCredentialsException.java
/Users/sylvanaralaiarisoa/Downloads/Vanilla-Market/src/main/java/com/zeta/Vanilla/Market/exception/NotFoundException.java
/Users/sylvanaralaiarisoa/Downloads/Vanilla-Market/src/main/java/com/zeta/Vanilla/Market/mapper/EntityDtoMapper.java
/Users/sylvanaralaiarisoa/Downloads/Vanilla-Market/src/main/java/com/zeta/Vanilla/Market/repository/AddressRepository.java
/Users/sylvanaralaiarisoa/Downloads/Vanilla-Market/src/main/java/com/zeta/Vanilla/Market/repository/CategoryRepository.java
/Users/sylvanaralaiarisoa/Downloads/Vanilla-Market/src/main/java/com/zeta/Vanilla/Market/repository/OrderItemRepository.java
/Users/sylvanaralaiarisoa/Downloads/Vanilla-Market/src/main/java/com/zeta/Vanilla/Market/repository/OrderRepository.java
/Users/sylvanaralaiarisoa/Downloads/Vanilla-Market/src/main/java/com/zeta/Vanilla/Market/repository/ProductRepository.java
/Users/sylvanaralaiarisoa/Downloads/Vanilla-Market/src/main/java/com/zeta/Vanilla/Market/repository/UserRepository.java
/Users/sylvanaralaiarisoa/Downloads/Vanilla-Market/src/main/java/com/zeta/Vanilla/Market/security/AuthUser.java
/Users/sylvanaralaiarisoa/Downloads/Vanilla-Market/src/main/java/com/zeta/Vanilla/Market/security/CorsConfig.java
/Users/sylvanaralaiarisoa/Downloads/Vanilla-Market/src/main/java/com/zeta/Vanilla/Market/security/CustomUserDetailsService.java
/Users/sylvanaralaiarisoa/Downloads/Vanilla-Market/src/main/java/com/zeta/Vanilla/Market/security/JwtAuthFilter.java
/Users/sylvanaralaiarisoa/Downloads/Vanilla-Market/src/main/java/com/zeta/Vanilla/Market/security/JwtUtils.java
/Users/sylvanaralaiarisoa/Downloads/Vanilla-Market/src/main/java/com/zeta/Vanilla/Market/security/SecurityConfig.java
/Users/sylvanaralaiarisoa/Downloads/Vanilla-Market/src/main/java/com/zeta/Vanilla/Market/service/AwsS3Service.java
/Users/sylvanaralaiarisoa/Downloads/Vanilla-Market/src/main/java/com/zeta/Vanilla/Market/service/impl/AddressServiceImpl.java
/Users/sylvanaralaiarisoa/Downloads/Vanilla-Market/src/main/java/com/zeta/Vanilla/Market/service/impl/CategoryServiceImpl.java
/Users/sylvanaralaiarisoa/Downloads/Vanilla-Market/src/main/java/com/zeta/Vanilla/Market/service/impl/OrderItemServiceImpl.java
/Users/sylvanaralaiarisoa/Downloads/Vanilla-Market/src/main/java/com/zeta/Vanilla/Market/service/impl/ProductServiceImpl.java
/Users/sylvanaralaiarisoa/Downloads/Vanilla-Market/src/main/java/com/zeta/Vanilla/Market/service/impl/UserServiceImpl.java
/Users/sylvanaralaiarisoa/Downloads/Vanilla-Market/src/main/java/com/zeta/Vanilla/Market/service/interf/AddressService.java
/Users/sylvanaralaiarisoa/Downloads/Vanilla-Market/src/main/java/com/zeta/Vanilla/Market/service/interf/CategoryService.java
/Users/sylvanaralaiarisoa/Downloads/Vanilla-Market/src/main/java/com/zeta/Vanilla/Market/service/interf/OrderItemService.java
/Users/sylvanaralaiarisoa/Downloads/Vanilla-Market/src/main/java/com/zeta/Vanilla/Market/service/interf/ProductService.java
/Users/sylvanaralaiarisoa/Downloads/Vanilla-Market/src/main/java/com/zeta/Vanilla/Market/service/interf/UserService.java
/Users/sylvanaralaiarisoa/Downloads/Vanilla-Market/src/main/java/com/zeta/Vanilla/Market/specification/OrderItemSpecification.java
